// Jest Snapshot v1, https://goo.gl/fbAQLP

exports[`cli csv test formats table into csv file 1`] = `
"Date (UTC),EBS Watt Hours,EBS Kg CO2e Emissions,S3 Watt Hours,S3 Kg CO2e Emissions,EC2 Watt Hours,EC2 Kg CO2e Emissions,ElastiCache Watt Hours,ElastiCache Kg CO2e Emissions,RDS Watt Hours,RDS Kg CO2e Emissions,Lambda Watt Hours,Lambda Kg CO2e Emissions,SUM Watt Hours,SUM Kg CO2e Emissions
2020-06-27,1.04,0.000349,0.05,0.000017,18.81,0.006337,0.00,0.000000,0.00,0.000000,0.00,0.000000,19.89,0.006703
2020-06-28,2.07,0.000699,0.00,0.000000,0.00,0.000000,0.00,0.000000,0.00,0.000000,0.00,0.000000,2.07,0.000699
2020-07-19,0.00,0.000000,0.00,0.000000,0.00,0.000000,2.29,0.000772,0.00,0.000000,0.00,0.000000,2.29,0.000772
2020-07-20,0.00,0.000000,0.00,0.000000,0.00,0.000000,3.18,0.001070,0.00,0.000000,0.00,0.000000,3.18,0.001070
Total,3.11,0.001048,0.05,0.000017,18.81,0.006337,5.47,0.001842,0.00,0.000000,0.00,0.000000,27.44,0.009244
"
`;

exports[`cli ebs, s3, ec2, elasticache 1`] = `
"| Date (UTC)   | EBS Watt Hours    | EBS Kg CO2e Emissions  | S3 Watt Hours     | S3 Kg CO2e Emissions   | EC2 Watt Hours    | EC2 Kg CO2e Emissions  | ElastiCache Watt Hours| ElastiCache Kg CO2e Emissions| RDS Watt Hours    | RDS Kg CO2e Emissions  | Lambda Watt Hours | Lambda Kg CO2e Emissions| SUM Watt Hours    | SUM Kg CO2e Emissions  
| 2020-06-27   | 1.04              | 0.000349               | 0.05              | 0.000017               | 18.81             | 0.006337               | 0.00              | 0.000000               | 0.00              | 0.000000               | 0.00              | 0.000000               | 19.89             | 0.006703               
| 2020-06-28   | 2.07              | 0.000699               | 0.00              | 0.000000               | 0.00              | 0.000000               | 0.00              | 0.000000               | 0.00              | 0.000000               | 0.00              | 0.000000               | 2.07              | 0.000699               
| 2020-07-19   | 0.00              | 0.000000               | 0.00              | 0.000000               | 0.00              | 0.000000               | 2.29              | 0.000772               | 0.00              | 0.000000               | 0.00              | 0.000000               | 2.29              | 0.000772               
| 2020-07-20   | 0.00              | 0.000000               | 0.00              | 0.000000               | 0.00              | 0.000000               | 3.18              | 0.001070               | 0.00              | 0.000000               | 0.00              | 0.000000               | 3.18              | 0.001070               
| Total        | 3.11              | 0.001048               | 0.05              | 0.000017               | 18.81             | 0.006337               | 5.47              | 0.001842               | 0.00              | 0.000000               | 0.00              | 0.000000               | 27.44             | 0.009244               "
`;

exports[`cli ebs, s3, ec2, elasticache grouped by service 1`] = `
"| Service      | Watt Hours        | Kg CO2e Emissions      | Cost              
| EBS          | 3.11              | 0.001048               | $4.62             
| S3           | 0.05              | 0.000017               | $0.00             
| EC2          | 18.81             | 0.006337               | $0.00             
| ElastiCache  | 5.47              | 0.001842               | $6.00             
| RDS          | 0.00              | 0.000000               | $0.00             
| Lambda       | 0.00              | 0.000000               | $0.00             
| Total        | 27.44             | 0.009244               | $10.62            "
`;

exports[`cli rds group by day 1`] = `
"| Date         | Watt Hours        | Kg CO2e Emissions      
| 2020-06-27   | 3.88              | 0.001306               
| 2020-06-28   | 1.04              | 0.000349               
| Total        | 4.91              | 0.001655               "
`;

exports[`cli rds group by service 1`] = `
"| Service      | Watt Hours        | Kg CO2e Emissions      | Cost              
| EBS          | 0.00              | 0.000000               | $0.00             
| S3           | 0.00              | 0.000000               | $0.00             
| EC2          | 0.00              | 0.000000               | $0.00             
| ElastiCache  | 0.00              | 0.000000               | $0.00             
| RDS          | 4.91              | 0.001655               | $9.23             
| Lambda       | 0.00              | 0.000000               | $0.00             
| Total        | 4.91              | 0.001655               | $9.23             "
`;
