// Jest Snapshot v1, https://goo.gl/fbAQLP

exports[`cli ebs, s3, ec3, elasticache, rds ebs, s3, ec2, elasticache, rds grouped by service 1`] = `
"| Service      | Watt Hours        | mt CO2e Emissions      | Cost              
| EBS          | 6.43              | 0.000030               | $9.23             
| S3           | 0.10              | 0.000000               | $12.00            
| EC2          | 39.09             | 0.000184               | $74.00            
| ElastiCache  | 23.32             | 0.000110               | $12.00            
| RDS          | 460.51            | 0.002165               | $18.47            
| Lambda       | 0.00              | 0.000000               | $0.00             
| ComputeEngine| 4.19              | 0.000012               | $0.00             
| Total        | 533.63            | 0.002501               | $125.70           "
`;

exports[`cli ebs, s3, ec3, elasticache, rds ebs, s3, ec2, elasticache, rds, grouped by day 1`] = `
"| Date         | Watt Hours        | mt CO2e Emissions      
| 2020-07-01   | 58.00             | 0.000265               
| 2020-07-02   | 475.63            | 0.002236               
| Total        | 533.63            | 0.002501               "
`;

exports[`cli ebs, s3, ec3, elasticache, rds ebs, s3, ec2, elasticache, rds, grouped by day and service 1`] = `
"| Date (UTC)   | EBS Watt Hours    | EBS mt CO2e Emissions  | S3 Watt Hours     | S3 mt CO2e Emissions   | EC2 Watt Hours    | EC2 mt CO2e Emissions  | ElastiCache Watt Hours| ElastiCache mt CO2e Emissions| RDS Watt Hours    | RDS mt CO2e Emissions  | Lambda Watt Hours | Lambda mt CO2e Emissions| ComputeEngine Watt Hours| ComputeEngine mt CO2e Emissions| SUM Watt Hours    | SUM mt CO2e Emissions  
| 2020-07-01   | 2.14              | 0.000010               | 0.10              | 0.000000               | 39.09             | 0.000184               | 4.55              | 0.000021               | 7.93              | 0.000037               | 0.00              | 0.000000               | 4.19              | 0.000012               | 58.00             | 0.000265               
| 2020-07-02   | 4.29              | 0.000020               | 0.00              | 0.000000               | 0.00              | 0.000000               | 18.77             | 0.000088               | 452.57            | 0.002127               | 0.00              | 0.000000               | 0.00              | 0.000000               | 475.63            | 0.002236               
| Total        | 6.43              | 0.000030               | 0.10              | 0.000000               | 39.09             | 0.000184               | 23.32             | 0.000110               | 460.51            | 0.002165               | 0.00              | 0.000000               | 4.19              | 0.000012               | 533.63            | 0.002501               "
`;

exports[`cli lambda lambda cost 1`] = `
"| Service      | Watt Hours        | mt CO2e Emissions      | Cost              
| EBS          | 0.00              | 0.000000               | $0.00             
| S3           | 0.00              | 0.000000               | $0.00             
| EC2          | 0.00              | 0.000000               | $0.00             
| ElastiCache  | 0.00              | 0.000000               | $0.00             
| RDS          | 0.00              | 0.000000               | $0.00             
| Lambda       | 1.03              | 0.000005               | $240.00           
| ComputeEngine| 0.00              | 0.000000               | $0.00             
| Total        | 1.03              | 0.000005               | $240.00           "
`;

exports[`cli lambda lambda estimates 1`] = `
"| Date (UTC)   | EBS Watt Hours    | EBS mt CO2e Emissions  | S3 Watt Hours     | S3 mt CO2e Emissions   | EC2 Watt Hours    | EC2 mt CO2e Emissions  | ElastiCache Watt Hours| ElastiCache mt CO2e Emissions| RDS Watt Hours    | RDS mt CO2e Emissions  | Lambda Watt Hours | Lambda mt CO2e Emissions| ComputeEngine Watt Hours| ComputeEngine mt CO2e Emissions| SUM Watt Hours    | SUM mt CO2e Emissions  
| 2020-07-01   | 0.00              | 0.000000               | 0.00              | 0.000000               | 0.00              | 0.000000               | 0.00              | 0.000000               | 0.00              | 0.000000               | 0.48              | 0.000002               | 0.00              | 0.000000               | 0.48              | 0.000002               
| 2020-07-02   | 0.00              | 0.000000               | 0.00              | 0.000000               | 0.00              | 0.000000               | 0.00              | 0.000000               | 0.00              | 0.000000               | 0.55              | 0.000003               | 0.00              | 0.000000               | 0.55              | 0.000003               
| Total        | 0.00              | 0.000000               | 0.00              | 0.000000               | 0.00              | 0.000000               | 0.00              | 0.000000               | 0.00              | 0.000000               | 1.03              | 0.000005               | 0.00              | 0.000000               | 1.03              | 0.000005               "
`;
