// Jest Snapshot v1, https://goo.gl/fbAQLP

exports[`ApexBarChart renders with correct configuration 1`] = `
<div>
  <div
    data-testid="fake-bar-chart"
    height="500px"
    options={
      Object {
        "chart": Object {
          "toolbar": Object {
            "tools": Object {
              "download": null,
            },
          },
          "type": "bar",
        },
        "colors": Array [
          "#3f51b5",
        ],
        "dataLabels": Object {
          "background": Object {
            "borderColor": "#303f9f",
            "borderRadius": 1,
            "borderWidth": 1,
            "enabled": true,
            "foreColor": "#3f51b5",
            "opacity": 0.9,
            "padding": 6,
          },
          "enabled": true,
          "formatter": [Function],
          "offsetX": 10,
          "textAnchor": "start",
        },
        "grid": Object {
          "show": false,
          "xaxis": Object {
            "lines": Object {
              "show": false,
            },
          },
          "yaxis": Object {
            "lines": Object {
              "show": false,
            },
          },
        },
        "height": "500px",
        "plotOptions": Object {
          "bar": Object {
            "horizontal": true,
          },
        },
        "series": Array [
          Object {
            "data": Array [
              Object {
                "x": "ebs",
                "y": 3015.014,
              },
              Object {
                "x": "ec2",
                "y": 2521.406,
              },
              Object {
                "x": "s3",
                "y": 1718.017,
              },
            ],
            "name": "Total CO2e",
          },
        ],
        "tooltip": Object {
          "fillSeriesColor": false,
          "x": Object {
            "show": false,
          },
          "y": Object {
            "formatter": [Function],
          },
        },
        "xaxis": Object {
          "axisBorder": Object {
            "show": false,
          },
          "labels": Object {
            "show": false,
          },
          "max": 3015.014,
          "type": "category",
        },
        "yaxis": Object {
          "labels": Object {
            "style": Object {
              "fontSize": "13px",
            },
          },
        },
      }
    }
    series={
      Array [
        Object {
          "data": Array [
            Object {
              "x": "ebs",
              "y": 3015.014,
            },
            Object {
              "x": "ec2",
              "y": 2521.406,
            },
            Object {
              "x": "s3",
              "y": 1718.017,
            },
          ],
          "name": "Total CO2e",
        },
      ]
    }
    type="bar"
  >
    fake chart
  </div>
  <div>
    <span>
      1 - 3
       of 
      3
    </span>
  </div>
</div>
`;
