// Jest Snapshot v1, https://goo.gl/fbAQLP

exports[`DonutChartTabs renders donut chart with dropdown 1`] = `
<div
  className="MuiPaper-root MuiCard-root makeStyles-root-1 MuiPaper-elevation1 MuiPaper-rounded"
>
  <div
    className="MuiCardContent-root makeStyles-topContainer-2"
  >
    <h4
      className="MuiTypography-root makeStyles-title-3 MuiTypography-h4"
    >
      Emissions
    </h4>
    <h4
      className="MuiTypography-root makeStyles-title-3 MuiTypography-h4"
    >
      by
    </h4>
  </div>
  <div
    className="MuiBox-root MuiBox-root-4"
  >
    <div
      className="MuiPaper-root MuiPaper-elevation1 MuiPaper-rounded"
      style={
        Object {
          "boxShadow": "none",
        }
      }
    >
      <div
        className="MuiInputBase-root MuiInput-root"
        onClick={[Function]}
      >
        <div
          aria-haspopup="listbox"
          aria-labelledby="donut-chart-dropdown"
          className="MuiSelect-root MuiSelect-select MuiSelect-selectMenu MuiInputBase-input MuiInput-input"
          id="donut-chart-dropdown"
          onBlur={[Function]}
          onFocus={[Function]}
          onKeyDown={[Function]}
          onMouseDown={[Function]}
          role="button"
          tabIndex={0}
        >
          Region
        </div>
        <input
          aria-hidden={true}
          className="MuiSelect-nativeInput"
          onAnimationStart={[Function]}
          onChange={[Function]}
          tabIndex={-1}
          value={0}
        />
        <svg
          aria-hidden={true}
          className="MuiSvgIcon-root MuiSelect-icon"
          focusable="false"
          viewBox="0 0 24 24"
        >
          <path
            d="M7 10l5 5 5-5z"
          />
        </svg>
      </div>
    </div>
    <div
      data-testid="region"
    >
      <div
        data-testid="fake-donut-chart"
        height="500px"
        options={
          Object {
            "chart": Object {
              "background": "#fff",
            },
            "colors": Array [
              "#000000",
              "#FFFFFF",
            ],
            "dataLabels": Object {
              "dropShadow": Object {
                "blur": 3,
                "color": "#424242",
                "enabled": true,
                "left": 0,
                "opacity": 0.5,
                "top": 0,
              },
              "style": Object {
                "fontSize": "1rem",
              },
            },
            "height": "500px",
            "labels": Array [
              "us-east-1",
            ],
            "legend": Object {
              "offsetY": -8,
              "position": "bottom",
            },
            "series": Array [
              31.3712694,
            ],
            "stroke": Object {
              "colors": Array [
                "#fafafa",
              ],
            },
            "theme": Object {
              "mode": "light",
            },
            "title": Object {
              "offsetY": -8,
              "style": Object {
                "fontSize": "24px",
              },
            },
            "tooltip": Object {
              "fillSeriesColor": false,
              "y": Object {
                "formatter": [Function],
              },
            },
          }
        }
        series={
          Array [
            31.3712694,
          ]
        }
        type="donut"
      >
        fake chart
      </div>
    </div>
  </div>
</div>
`;
