// Jest Snapshot v1, https://goo.gl/fbAQLP

exports[`ApexLineChart renders with correct configuration 1`] = `
<div
  height="500px"
  options={
    Object {
      "chart": Object {
        "id": "apexchart-example",
        "toolbar": Object {
          "tools": Object {
            "customIcons": Array [],
            "zoomin": false,
            "zoomout": false,
          },
        },
      },
      "height": "500px",
      "markers": Object {
        "size": 5,
      },
      "series": Array [
        Object {
          "data": Array [
            Object {
              "x": 2019-08-10T00:00:00.000Z,
              "y": 7,
            },
          ],
          "name": "co2e",
        },
      ],
      "stroke": Object {
        "width": 2,
      },
      "title": Object {
        "offsetY": -8,
        "style": Object {
          "fontSize": "24px",
        },
        "text": "Cloud Emissions",
      },
      "xaxis": Object {
        "convertedCatToNumeric": false,
        "labels": Object {
          "formatter": [Function],
        },
        "title": Object {
          "offsetY": 8,
          "style": Object {
            "fontSize": "15px",
          },
          "text": "",
        },
        "type": "datetime",
      },
      "yaxis": Object {
        "title": Object {
          "offsetX": -8,
          "style": Object {
            "fontSize": "15px",
          },
          "text": "CO2e (kg)",
        },
      },
    }
  }
  series={
    Array [
      Object {
        "data": Array [
          Object {
            "x": 2019-08-10T00:00:00.000Z,
            "y": 7,
          },
        ],
        "name": "co2e",
      },
    ]
  }
  type="line"
  width="100%"
/>
`;
