// Jest Snapshot v1, https://goo.gl/fbAQLP

exports[`ApexDonutChart renders with correct configuration 1`] = `
<div
  data-testid="fake-donut-chart"
  options={
    Object {
      "height": "500px",
      "labels": Array [
        "ebs",
        "s3",
        "ec2",
      ],
      "legend": Object {
        "offsetY": -8,
        "position": "top",
      },
      "series": Array [
        5,
        0,
        2,
      ],
      "title": Object {
        "offsetY": -8,
        "style": Object {
          "fontSize": "24px",
        },
        "text": "Carbon Emissions by Service",
      },
      "tooltip": Object {
        "fillSeriesColor": false,
        "y": Object {
          "formatter": [Function],
        },
      },
      "width": "100%",
    }
  }
  series={
    Array [
      5,
      0,
      2,
    ]
  }
  type="donut"
  width="100%"
>
  fake chart
</div>
`;
