// Jest Snapshot v1, https://goo.gl/fbAQLP

exports[`CloudCarbonContainer match against snapshot 1`] = `
<div>
  <div
    class="MuiBox-root MuiBox-root-1"
  >
    <div
      class="MuiButtonGroup-root"
      role="group"
    >
      <button
        class="MuiButtonBase-root MuiButton-root MuiButton-outlined MuiButtonGroup-grouped MuiButtonGroup-groupedHorizontal MuiButtonGroup-groupedOutlined MuiButtonGroup-groupedOutlinedHorizontal MuiButtonGroup-groupedOutlined MuiButton-disableElevation"
        tabindex="0"
        type="button"
      >
        <span
          class="MuiButton-label"
        >
          1M
        </span>
        <span
          class="MuiTouchRipple-root"
        />
      </button>
      <button
        class="MuiButtonBase-root MuiButton-root MuiButton-outlined MuiButtonGroup-grouped MuiButtonGroup-groupedHorizontal MuiButtonGroup-groupedOutlined MuiButtonGroup-groupedOutlinedHorizontal MuiButtonGroup-groupedOutlined MuiButton-disableElevation"
        tabindex="0"
        type="button"
      >
        <span
          class="MuiButton-label"
        >
          3M
        </span>
        <span
          class="MuiTouchRipple-root"
        />
      </button>
      <button
        class="MuiButtonBase-root MuiButton-root MuiButton-outlined MuiButtonGroup-grouped MuiButtonGroup-groupedHorizontal MuiButtonGroup-groupedOutlined MuiButtonGroup-groupedOutlinedHorizontal MuiButtonGroup-groupedOutlined MuiButton-disableElevation"
        tabindex="0"
        type="button"
      >
        <span
          class="MuiButton-label"
        >
          6M
        </span>
        <span
          class="MuiTouchRipple-root"
        />
      </button>
      <button
        class="MuiButtonBase-root MuiButton-root MuiButton-contained MuiButtonGroup-grouped MuiButtonGroup-groupedHorizontal MuiButtonGroup-groupedOutlined MuiButtonGroup-groupedOutlinedHorizontal MuiButtonGroup-groupedOutlined MuiButton-containedPrimary MuiButton-disableElevation"
        tabindex="0"
        type="button"
      >
        <span
          class="MuiButton-label"
        >
          12M
        </span>
        <span
          class="MuiTouchRipple-root"
        />
      </button>
    </div>
  </div>
  <div
    class="MuiBox-root MuiBox-root-2"
  />
</div>
`;
