// Jest Snapshot v1, https://goo.gl/fbAQLP

exports[`EmissionsTable prints out the given estimation results for the provided services 1`] = `
"| Date (UTC)   | EBS Wattage       | EBS CO2e Emissions     | S3 Wattage        | S3 CO2e Emissions      | ELASTICACHE Wattage| ELASTICACHE CO2e Emissions| SUM Wattage       | SUM CO2e Emissions     
| 2020-07-09   | 7.00 Watts        | 8.000000 Kg CO2e       | 55.00 Watts       | 1.000000 Kg CO2e       | 747.00 Watts      | 787.000000 Kg CO2e     | 899.00 Watts      | 873.000000 Kg CO2e     
| 2020-07-10   | 1.00 Watts        | 1.000000 Kg CO2e       | 2.00 Watts        | 2.000000 Kg CO2e       | 4.00 Watts        | 4.000000 Kg CO2e       | 10.00 Watts       | 10.000000 Kg CO2e      
| Total        | 8.00 Watts        | 9.000000 Kg CO2e       | 57.00 Watts       | 3.000000 Kg CO2e       | 751.00 Watts      | 791.000000 Kg CO2e     | 909.00 Watts      | 883.000000 Kg CO2e     "
`;

exports[`EmissionsTable prints out the given estimation results grouped by date 1`] = `
"| Date (UTC)   | EBS Wattage       | EBS CO2e Emissions     | S3 Wattage        | S3 CO2e Emissions      | EC2 Wattage       | EC2 CO2e Emissions     | ELASTICACHE Wattage| ELASTICACHE CO2e Emissions| SUM Wattage       | SUM CO2e Emissions     
| 2020-07-09   | 7.00 Watts        | 8.000000 Kg CO2e       | 55.00 Watts       | 1.000000 Kg CO2e       | 90.00 Watts       | 77.000000 Kg CO2e      | 747.00 Watts      | 787.000000 Kg CO2e     | 899.00 Watts      | 873.000000 Kg CO2e     
| 2020-07-10   | 1.00 Watts        | 1.000000 Kg CO2e       | 2.00 Watts        | 2.000000 Kg CO2e       | 3.00 Watts        | 3.000000 Kg CO2e       | 4.00 Watts        | 4.000000 Kg CO2e       | 10.00 Watts       | 10.000000 Kg CO2e      
| Total        | 8.00 Watts        | 9.000000 Kg CO2e       | 57.00 Watts       | 3.000000 Kg CO2e       | 93.00 Watts       | 80.000000 Kg CO2e      | 751.00 Watts      | 791.000000 Kg CO2e     | 909.00 Watts      | 883.000000 Kg CO2e     "
`;
